0 verbose cli E:\Application\nodejs\node.exe E:\Application\nodejs\node_modules\npm\bin\npm-cli.js
1 info using npm@11.8.0
2 info using node@v25.6.0
3 silly config load:file:E:\Application\nodejs\node_modules\npm\npmrc
4 silly config load:file:E:\comp1786\AutoDeliveryApp\.npmrc
5 silly config load:file:C:\Users\alysa\.npmrc
6 silly config load:file:E:\Application\nodejs\node_global\etc\npmrc
7 verbose title npm exec expo start
8 verbose argv "exec" "--" "expo" "start"
9 verbose logfile logs-max:10 dir:E:\comp1786\AutoDeliveryApp\%AppData%\npm-cache\_logs\2026-05-20T14_18_11_246Z-
10 verbose logfile E:\comp1786\AutoDeliveryApp\%AppData%\npm-cache\_logs\2026-05-20T14_18_11_246Z-debug-0.log
11 silly logfile done cleaning log files
12 silly packumentCache heap:4496293888 maxSize:1124073472 maxEntrySize:562036736
13 http fetch GET 200 https://registry.npmjs.org/expo 211ms (cache revalidated)
14 silly packumentCache heap:4496293888 maxSize:1124073472 maxEntrySize:562036736
15 silly packumentCache heap:4496293888 maxSize:1124073472 maxEntrySize:562036736
16 verbose cwd E:\comp1786\AutoDeliveryApp
17 verbose os Windows_NT 10.0.26200
18 verbose node v25.6.0
19 verbose npm  v11.8.0
20 verbose exit 1
21 verbose code 1
