0 verbose cli E:\Application\nodejs\node.exe E:\Application\nodejs\node_modules\npm\bin\npm-cli.js
1 info using npm@11.8.0
2 info using node@v25.6.0
3 silly config load:file:E:\Application\nodejs\node_modules\npm\npmrc
4 silly config load:file:C:\Users\alysa\.npmrc
5 silly config load:file:E:\Application\nodejs\node_global\etc\npmrc
6 verbose title npm install npm@11.14.1
7 verbose argv "install" "--global" "npm@11.14.1"
8 verbose logfile logs-max:10 dir:E:\comp1786\AutoDeliveryApp\%AppData%\npm-cache\_logs\2026-05-20T14_16_47_114Z-
9 verbose logfile E:\comp1786\AutoDeliveryApp\%AppData%\npm-cache\_logs\2026-05-20T14_16_47_114Z-debug-0.log
10 silly logfile done cleaning log files
11 http fetch GET 200 https://registry.npmjs.org/npm 326ms (cache miss)
12 silly packumentCache heap:4496293888 maxSize:1124073472 maxEntrySize:562036736
13 silly idealTree buildDeps
14 silly fetch manifest npm@11.14.1
15 silly packumentCache full:https://registry.npmjs.org/npm cache-miss
16 http fetch GET 200 https://registry.npmjs.org/npm 1813ms (cache miss)
17 silly packumentCache full:https://registry.npmjs.org/npm set size:undefined disposed:false
18 silly placeDep ROOT npm@11.14.1 OK for:  want: 11.14.1
19 silly reify moves {}
20 verbose stack Error: EPERM: operation not permitted, mkdir 'E:\Application\nodejs\node_global\node_modules\npm'
20 verbose stack     at async mkdir (node:internal/fs/promises:856:10)
20 verbose stack     at async E:\Application\nodejs\node_modules\npm\node_modules\@npmcli\arborist\lib\arborist\reify.js:572:20
20 verbose stack     at async Promise.allSettled (index 0)
20 verbose stack     at async #reifyPackages (E:\Application\nodejs\node_modules\npm\node_modules\@npmcli\arborist\lib\arborist\reify.js:309:11)
20 verbose stack     at async Arborist.reify (E:\Application\nodejs\node_modules\npm\node_modules\@npmcli\arborist\lib\arborist\reify.js:121:5)
20 verbose stack     at async Install.exec (E:\Application\nodejs\node_modules\npm\lib\commands\install.js:150:5)
20 verbose stack     at async Npm.exec (E:\Application\nodejs\node_modules\npm\lib\npm.js:208:9)
20 verbose stack     at async module.exports (E:\Application\nodejs\node_modules\npm\lib\cli\entry.js:67:5)
21 error code EPERM
22 error syscall mkdir
23 error path E:\Application\nodejs\node_global\node_modules\npm
24 error errno -4048
25 error Error: EPERM: operation not permitted, mkdir 'E:\Application\nodejs\node_global\node_modules\npm'
25 error     at async mkdir (node:internal/fs/promises:856:10)
25 error     at async E:\Application\nodejs\node_modules\npm\node_modules\@npmcli\arborist\lib\arborist\reify.js:572:20
25 error     at async Promise.allSettled (index 0)
25 error     at async #reifyPackages (E:\Application\nodejs\node_modules\npm\node_modules\@npmcli\arborist\lib\arborist\reify.js:309:11)
25 error     at async Arborist.reify (E:\Application\nodejs\node_modules\npm\node_modules\@npmcli\arborist\lib\arborist\reify.js:121:5)
25 error     at async Install.exec (E:\Application\nodejs\node_modules\npm\lib\commands\install.js:150:5)
25 error     at async Npm.exec (E:\Application\nodejs\node_modules\npm\lib\npm.js:208:9)
25 error     at async module.exports (E:\Application\nodejs\node_modules\npm\lib\cli\entry.js:67:5) {
25 error   errno: -4048,
25 error   code: 'EPERM',
25 error   syscall: 'mkdir',
25 error   path: 'E:\\Application\\nodejs\\node_global\\node_modules\\npm'
25 error }
26 error
26 error The operation was rejected by your operating system.
26 error It's possible that the file was already in use (by a text editor or antivirus),
26 error or that you lack permissions to access it.
26 error
26 error If you believe this might be a permissions issue, please double-check the
26 error permissions of the file and its containing directories, or try running
26 error the command again as root/Administrator.
27 silly unfinished npm timer reify 1779286607959
28 silly unfinished npm timer reify:createSparse 1779286609923
29 verbose cwd E:\comp1786\AutoDeliveryApp
30 verbose os Windows_NT 10.0.26200
31 verbose node v25.6.0
32 verbose npm  v11.8.0
33 verbose exit -4048
34 verbose code -4048
35 error A complete log of this run can be found in: E:\comp1786\AutoDeliveryApp\%AppData%\npm-cache\_logs\2026-05-20T14_16_47_114Z-debug-0.log
